------------------------------------------------------------
Timing Analyzer Summary
------------------------------------------------------------

Type  : Slow 1200mV 85C Model Setup 'clk_0'
Slack : -55.117
TNS   : -5320.980

Type  : Slow 1200mV 85C Model Hold 'clk_0'
Slack : 1.247
TNS   : 0.000

Type  : Slow 1200mV 85C Model Recovery 'clk_0'
Slack : -1.661
TNS   : -59.904

Type  : Slow 1200mV 85C Model Removal 'clk_0'
Slack : 1.120
TNS   : 0.000

Type  : Slow 1200mV 85C Model Minimum Pulse Width 'clk_0'
Slack : -3.000
TNS   : -231.730

Type  : Slow 1200mV 0C Model Setup 'clk_0'
Slack : -49.658
TNS   : -4793.220

Type  : Slow 1200mV 0C Model Hold 'clk_0'
Slack : 1.161
TNS   : 0.000

Type  : Slow 1200mV 0C Model Recovery 'clk_0'
Slack : -1.423
TNS   : -49.912

Type  : Slow 1200mV 0C Model Removal 'clk_0'
Slack : 1.003
TNS   : 0.000

Type  : Slow 1200mV 0C Model Minimum Pulse Width 'clk_0'
Slack : -3.000
TNS   : -231.730

Type  : Fast 1200mV 0C Model Setup 'clk_0'
Slack : -26.396
TNS   : -2518.474

Type  : Fast 1200mV 0C Model Hold 'clk_0'
Slack : 0.571
TNS   : 0.000

Type  : Fast 1200mV 0C Model Recovery 'clk_0'
Slack : -0.333
TNS   : -6.796

Type  : Fast 1200mV 0C Model Removal 'clk_0'
Slack : 0.559
TNS   : 0.000

Type  : Fast 1200mV 0C Model Minimum Pulse Width 'clk_0'
Slack : -3.000
TNS   : -193.119

------------------------------------------------------------
